\033[0m\033[36m====================================================\033[0m
  \033[1;37mSISYPHUS MAIN MENU\033[0m
\033[36m====================================================\033[0m

  \033[1;33m[B]\033[0m  Message Boards
  \033[1;33m[F]\033[0m  File Areas
  \033[1;33m[C]\033[0m  Chat
  \033[1;33m[D]\033[0m  Door Games
  \033[1;33m[W]\033[0m  Who's Online
  \033[1;33m[Q]\033[0m  Quit / Logout

\033[36m----------------------------------------------------\033[0m
