\033[0m\033[36m
 ┌─────────────────────────────┐
 │\033[1;37m    SISYPHUS MAIN MENU       \033[0;36m│
 ├─────────────────────────────┤
 │                             │
 │  \033[1;33m[B]\033[0;36m  Message Boards          │
 │  \033[1;33m[F]\033[0;36m  File Areas              │
 │  \033[1;33m[C]\033[0;36m  Chat                    │
 │  \033[1;33m[D]\033[0;36m  Door Games              │
 │  \033[1;33m[W]\033[0;36m  Who's Online            │
 │  \033[1;33m[Q]\033[0;36m  Quit / Logout           │
 │                             │
 └─────────────────────────────┘
\033[0m
