\033[0m\033[36m
 ╔════════════════════════════════════════════╗
 ║\033[1;33m ___ ___ _____   _____ _  _ _   _ ___       \033[0;36m║
 ║\033[1;33m/ __|_ _/ __\ \ / / _ \ || | | | / __|      \033[0;36m║
 ║\033[1;33m\__ \| |\__ \\ V /|  _/ __ | |_| \__ \\     \033[0;36m║
 ║\033[1;33m|___/___|___/ |_| |_| |_||_|\___/|___/      \033[0;36m║
 ║                                            ║
 ║\033[1;37m            . * .                           \033[0;36m║
 ║\033[1;37m          * BBS *                           \033[0;36m║
 ║\033[1;37m            . * .                           \033[0;36m║
 ║\033[1;37m           .@@@.                            \033[0;36m║
 ║\033[1;37m        o  @@@@@                            \033[0;36m║
 ║\033[1;37m       /|> @@@@@                            \033[0;36m║
 ║\033[1;37m       /\  @@@/                             \033[0;36m║
 ║\033[1;37m      /  @@@@/                              \033[0;36m║
 ║\033[1;37m     /  @@@/                                \033[0;36m║
 ║\033[1;37m    /  @@/                                  \033[0;36m║
 ║\033[1;37m   /__@/                                    \033[0;36m║
 ║                                            ║
 ║ \033[1;32mOne must imagine Sisyphus happy.\033[0;36m           ║
 ║                                            ║
 ╚════════════════════════════════════════════╝
\033[0m
